# file-size baseline: Swift files over 800 lines (path, length). Lengths may only fall.
Sources/LungfishApp/App/AppDelegate+Classification.swift 2520
Sources/LungfishApp/App/AppDelegate+ImportCenter.swift 3390
Sources/LungfishApp/App/AppDelegate+MenuActions.swift 1025
Sources/LungfishApp/App/AppDelegate+SequenceMenu.swift 811
Sources/LungfishApp/App/AppDelegate+ToolsMenu.swift 1475
Sources/LungfishApp/App/AppDelegate.swift 2695
Sources/LungfishApp/App/MainMenu.swift 1364
Sources/LungfishApp/App/VCFImportHelper.swift 1147
Sources/LungfishApp/Services/AI/AIAssistantService.swift 901
Sources/LungfishApp/Services/AI/AIToolRegistry.swift 951
Sources/LungfishApp/Services/AnnotationSearchIndex.swift 1796
Sources/LungfishApp/Services/FASTQIngestionService.swift 1298
Sources/LungfishApp/Services/FASTQOperationExecutionService.swift 858
Sources/LungfishApp/Services/FASTQOperationOutputImporter.swift 1334
Sources/LungfishApp/Services/FASTQOperationPlanner.swift 1225
Sources/LungfishApp/Services/ProjectStorageCoordinator.swift 960
Sources/LungfishApp/Services/ReferenceBundleMergeService.swift 1056
Sources/LungfishApp/Services/ViralReconWorkflowExecutionService.swift 981
Sources/LungfishApp/Services/WorkflowOperationExecutionService.swift 1118
Sources/LungfishApp/ViewModels/SequenceExtractionPipeline.swift 833
Sources/LungfishApp/Views/AI/AIAssistantPanel.swift 1011
Sources/LungfishApp/Views/Assembly/AssemblyWizardSheet.swift 1114
Sources/LungfishApp/Views/DatabaseBrowser/DatabaseBrowserViewController.swift 2957
Sources/LungfishApp/Views/FASTQ/FASTQImportConfigSheet.swift 1069
Sources/LungfishApp/Views/FASTQ/FASTQOperationDialogState.swift 2315
Sources/LungfishApp/Views/FASTQ/FASTQOperationToolPanes.swift 1103
Sources/LungfishApp/Views/ImportCenter/ImportCenterViewModel.swift 1025
Sources/LungfishApp/Views/Inspector/InspectorView.swift 887
Sources/LungfishApp/Views/Inspector/InspectorViewController+MetadataImport.swift 1072
Sources/LungfishApp/Views/Inspector/InspectorViewController+PublicAPI.swift 993
Sources/LungfishApp/Views/Inspector/InspectorViewController+TrimDuplicateWorkflows.swift 903
Sources/LungfishApp/Views/Inspector/ProvenanceInspectorViewModel.swift 1446
Sources/LungfishApp/Views/Inspector/Sections/DocumentSection.swift 1907
Sources/LungfishApp/Views/Inspector/Sections/ReadStyleSection.swift 2788
Sources/LungfishApp/Views/Inspector/Sections/SelectionSection.swift 1586
Sources/LungfishApp/Views/Inspector/Sections/VariantSection.swift 806
Sources/LungfishApp/Views/MainWindow/MainSplitViewController+ClassifierDisplay.swift 1362
Sources/LungfishApp/Views/MainWindow/MainSplitViewController+ContentDisplay.swift 1051
Sources/LungfishApp/Views/MainWindow/MainSplitViewController+FASTQImport.swift 1216
Sources/LungfishApp/Views/MainWindow/MainSplitViewController+GenomicsDisplay.swift 1330
Sources/LungfishApp/Views/MainWindow/MainSplitViewController.swift 832
Sources/LungfishApp/Views/MainWindow/MainWindowController.swift 1123
Sources/LungfishApp/Views/Mapping/MappingWizardSheet.swift 1024
Sources/LungfishApp/Views/Mapping/ViralReconWizardSheet.swift 1039
Sources/LungfishApp/Views/Metagenomics/ClassificationWizardSheet.swift 813
Sources/LungfishApp/Views/Metagenomics/TaxTriageWizardSheet.swift 905
Sources/LungfishApp/Views/Metagenomics/TaxaCollectionsDrawerView.swift 806
Sources/LungfishApp/Views/Metagenomics/TaxonomyReadExtractionAction.swift 891
Sources/LungfishApp/Views/Metagenomics/TaxonomySunburstView.swift 874
Sources/LungfishApp/Views/Metagenomics/TaxonomyTableView.swift 1602
Sources/LungfishApp/Views/Metagenomics/TaxonomyViewController.swift 1973
Sources/LungfishApp/Views/Operations/OperationsPanelViewController.swift 1059
Sources/LungfishApp/Views/PluginManager/PluginManagerView.swift 1283
Sources/LungfishApp/Views/PluginManager/PluginManagerViewModel.swift 1161
Sources/LungfishApp/Views/PrimerDesign/PrimerDesignDialogState.swift 1049
Sources/LungfishApp/Views/Results/Reference/ReferenceBundleViewportController.swift 2154
Sources/LungfishApp/Views/Sidebar/SidebarProjectScanner.swift 1102
Sources/LungfishApp/Views/Sidebar/SidebarViewController+MenuDelegate.swift 1214
Sources/LungfishApp/Views/Sidebar/SidebarViewController+OutlineDataSource.swift 1122
Sources/LungfishApp/Views/Sidebar/SidebarViewController.swift 2655
Sources/LungfishApp/Views/Viewer/AnnotationTableDrawerView+Columns.swift 1245
Sources/LungfishApp/Views/Viewer/AnnotationTableDrawerView+Filtering.swift 2228
Sources/LungfishApp/Views/Viewer/AnnotationTableDrawerView+TableView.swift 1089
Sources/LungfishApp/Views/Viewer/AnnotationTableDrawerView.swift 5657
Sources/LungfishApp/Views/Viewer/EnhancedCoordinateRulerView.swift 1160
Sources/LungfishApp/Views/Viewer/FASTACollectionViewController.swift 1293
Sources/LungfishApp/Views/Viewer/FASTQDatasetViewController.swift 2653
Sources/LungfishApp/Views/Viewer/FASTQMetadataDrawerView.swift 2260
Sources/LungfishApp/Views/Viewer/MultipleSequenceAlignmentViewController.swift 4218
Sources/LungfishApp/Views/Viewer/OperationPreviewView.swift 1828
Sources/LungfishApp/Views/Viewer/ReadTrackRenderer.swift 2432
Sources/LungfishApp/Views/Viewer/SequenceViewerView+Alignment.swift 1412
Sources/LungfishApp/Views/Viewer/SequenceViewerView+AnnotationRendering.swift 1710
Sources/LungfishApp/Views/Viewer/SequenceViewerView+Interaction.swift 2100
Sources/LungfishApp/Views/Viewer/SequenceViewerView+MultiSequence.swift 1066
Sources/LungfishApp/Views/Viewer/SequenceViewerView+Rendering.swift 1235
Sources/LungfishApp/Views/Viewer/SequenceViewerView+Tooltips.swift 958
Sources/LungfishApp/Views/Viewer/SequenceViewerView.swift 2844
Sources/LungfishApp/Views/Viewer/ViewerViewController+AnnotationDrawer.swift 901
Sources/LungfishApp/Views/Viewer/ViewerViewController+BundleDisplay.swift 871
Sources/LungfishApp/Views/Viewer/ViewerViewController+Mapping.swift 956
Sources/LungfishApp/Views/Viewer/ViewerViewController.swift 4282
Sources/LungfishApp/Views/Welcome/WelcomeWindowController.swift 1827
Sources/LungfishApp/Views/WorkflowOperations/WorkflowOperationDialogState.swift 2042
Sources/LungfishApp/Views/WorkflowOperations/WorkflowOperationsDialog.swift 1077
Sources/LungfishCLI/Commands/BAMCommand.swift 1350
Sources/LungfishCLI/Commands/BuildDbCommand.swift 2173
Sources/LungfishCLI/Commands/ClassifyCommand.swift 1686
Sources/LungfishCLI/Commands/ExtractReadsCommand.swift 1106
Sources/LungfishCLI/Commands/FetchCommand.swift 875
Sources/LungfishCLI/Commands/GATKCommand.swift 1094
Sources/LungfishCLI/Commands/GenotypeAIHaplotypingSubcommand.swift 1017
Sources/LungfishCLI/Commands/GenotypeExportSubcommand.swift 999
Sources/LungfishCLI/Commands/ImportCommand.swift 2527
Sources/LungfishCLI/Commands/MSACommand.swift 2797
Sources/LungfishCLI/Commands/MarkdupCommand.swift 1132
Sources/LungfishCLI/Commands/RunSubcommand.swift 1004
Sources/LungfishCLI/Commands/TreeCommand.swift 839
Sources/LungfishCLI/Commands/VariantsCommand.swift 1429
Sources/LungfishCore/Bundles/BundleManifest.swift 824
Sources/LungfishCore/Bundles/Converters/AnnotationConverter.swift 866
Sources/LungfishCore/Bundles/ReferenceBundleBuilder.swift 1361
Sources/LungfishCore/Models/AppSettings.swift 827
Sources/LungfishCore/Services/Blast/BlastService.swift 1651
Sources/LungfishCore/Services/NCBI/NCBIService.swift 1959
Sources/LungfishCore/Services/NCBI/SRAService.swift 964
Sources/LungfishCore/Storage/PortablePath.swift 1014
Sources/LungfishCore/Storage/ProjectStore.swift 1587
Sources/LungfishEsVirituUI/EsVirituResultViewController.swift 2272
Sources/LungfishEsVirituUI/ViralDetectionTableView.swift 2101
Sources/LungfishGenotypeUI/GenotypeAnnotationStore.swift 2853
Sources/LungfishGenotypeUI/GenotypeCallEvidenceView.swift 1605
Sources/LungfishGenotypeUI/GenotypeCandidateAlleleDetailView.swift 1142
Sources/LungfishGenotypeUI/GenotypeComparisonMatrixView.swift 9386
Sources/LungfishGenotypeUI/GenotypeHaplotypeDefinitionEditor.swift 998
Sources/LungfishGenotypeUI/GenotypeKnownAlleleDetailView.swift 1092
Sources/LungfishGenotypeUI/GenotypeManualHaplotypeAssignmentBand.swift 978
Sources/LungfishGenotypeUI/GenotypeManualHaplotypeDraft.swift 814
Sources/LungfishGenotypeUI/GenotypeManualHaplotypeEditor.swift 1050
Sources/LungfishGenotypeUI/GenotypeOutlineView.swift 814
Sources/LungfishGenotypeUI/GenotypeResultDisplaySection.swift 2137
Sources/LungfishGenotypeUI/GenotypeResultDisplayState.swift 951
Sources/LungfishGenotypeUI/GenotypeResultViewController.swift 11935
Sources/LungfishGenotypeUI/GenotypeSampleComparisonModel.swift 899
Sources/LungfishGenotypeUI/GenotypeSampleComparisonPanel.swift 1604
Sources/LungfishIO/Bundles/AlignmentDataProvider.swift 1412
Sources/LungfishIO/Bundles/AlignmentMetadataDatabase.swift 877
Sources/LungfishIO/Bundles/GenotypeAnnotationSidecar.swift 995
Sources/LungfishIO/Bundles/GenotypeHaplotypeAnalyzer.swift 1368
Sources/LungfishIO/Bundles/MHCReferenceRecordCatalog.swift 922
Sources/LungfishIO/Bundles/MultipleSequenceAlignmentBundle.swift 1526
Sources/LungfishIO/Bundles/ONTGenotypeResultBundle.swift 2119
Sources/LungfishIO/Bundles/ONTGenotypeResultBundleData.swift 887
Sources/LungfishIO/Bundles/ONTGenotypeWorkbookCleanupStateStore.swift 1313
Sources/LungfishIO/Bundles/ONTGenotypeWorkbookUpdateTransaction.swift 3397
Sources/LungfishIO/Bundles/ONTMHCCandidateAlleles.swift 1429
Sources/LungfishIO/Bundles/ProjectTempDirectory.swift 806
Sources/LungfishIO/Bundles/ReferenceBundle.swift 807
Sources/LungfishIO/Bundles/VariantDatabase+CreateFromVCF.swift 1309
Sources/LungfishIO/Bundles/VariantDatabase+Import.swift 845
Sources/LungfishIO/Bundles/VariantDatabase+RegionExtraction.swift 831
Sources/LungfishIO/Formats/FASTQ/FluidigmBarcodeData.swift 876
Sources/LungfishIO/Formats/FASTQ/ONTBarcodeData.swift 831
Sources/LungfishIO/Formats/FASTQ/PacBioBarcodeData.swift 1011
Sources/LungfishIO/Formats/GenBank/GenBankReader.swift 1469
Sources/LungfishIO/Formats/Kraken/Kraken2Database.swift 951
Sources/LungfishIO/Formats/NaoMgs/NaoMgsDatabase+Create.swift 1016
Sources/LungfishIO/Formats/Nvd/NvdDatabase.swift 906
Sources/LungfishIO/Formats/TaxTriage/TaxTriageDatabase.swift 839
Sources/LungfishIO/Search/ProjectUniversalSearchIndex+Indexers.swift 1243
Sources/LungfishKit/BatchTableView.swift 1406
Sources/LungfishKit/BlastResultsDrawerTab.swift 2055
Sources/LungfishKit/LungfishHelpContent.swift 1052
Sources/LungfishKit/MetadataColumnController.swift 895
Sources/LungfishKit/MiniBAMViewController.swift 1013
Sources/LungfishKit/MiniPileupView.swift 861
Sources/LungfishKit/OperationCenter.swift 1381
Sources/LungfishNaoMgsUI/NaoMgsResultViewController.swift 3287
Sources/LungfishNvdUI/NvdResultViewController.swift 3191
Sources/LungfishPhylogeneticsUI/PhylogeneticTreeViewController.swift 1613
Sources/LungfishTaxTriageUI/TaxTriageBatchOverviewView.swift 867
Sources/LungfishTaxTriageUI/TaxTriageResultViewController.swift 5916
Sources/LungfishTwelveSUI/TwelveSAmpliconResultViewController.swift 1784
Sources/LungfishWorkflow/Alignment/Minimap2Pipeline.swift 1263
Sources/LungfishWorkflow/Conda/CondaManager.swift 1607
Sources/LungfishWorkflow/Conda/CondaOfflinePackService.swift 1230
Sources/LungfishWorkflow/Conda/PluginPackStatusService.swift 1552
Sources/LungfishWorkflow/Databases/DatabaseRegistry.swift 1708
Sources/LungfishWorkflow/Demultiplex/DemultiplexingPipeline.swift 2548
Sources/LungfishWorkflow/Engines/AppleContainerRuntime.swift 925
Sources/LungfishWorkflow/Extraction/AlignmentReadExtractionStager.swift 805
Sources/LungfishWorkflow/Extraction/ClassifierReadResolver.swift 954
Sources/LungfishWorkflow/Extraction/ReadExtractionService.swift 1155
Sources/LungfishWorkflow/Geneious/GeneiousImportCollectionService.swift 860
Sources/LungfishWorkflow/Geneious/GeneiousPackedSequenceExtractor.swift 902
Sources/LungfishWorkflow/Ingestion/FASTQBatchImporter.swift 2948
Sources/LungfishWorkflow/Ingestion/FASTQIngestionPipeline.swift 1487
Sources/LungfishWorkflow/MSA/MSAReferenceBundleBuilder.swift 819
Sources/LungfishWorkflow/Mapping/ManagedMappingPipeline.swift 1285
Sources/LungfishWorkflow/Mapping/MappingProvenance.swift 915
Sources/LungfishWorkflow/Mapping/MappingViewerBundlePublicationService.swift 1828
Sources/LungfishWorkflow/Metagenomics/ClassificationPipeline.swift 2647
Sources/LungfishWorkflow/Metagenomics/EsVirituPipeline.swift 855
Sources/LungfishWorkflow/Metagenomics/MetagenomicsBatchProvenanceWriter.swift 1148
Sources/LungfishWorkflow/Metagenomics/MetagenomicsDatabaseRegistry.swift 2268
Sources/LungfishWorkflow/Metagenomics/MetagenomicsImportService.swift 2644
Sources/LungfishWorkflow/Native/NativeBundleBuilder.swift 1787
Sources/LungfishWorkflow/Native/NativeToolRunner.swift 1986
Sources/LungfishWorkflow/ONTGenotyping/AIHaplotypingPatchValidator.swift 1247
Sources/LungfishWorkflow/ONTGenotyping/AIHaplotypingRevisionPublisher.swift 912
Sources/LungfishWorkflow/ONTGenotyping/AIHaplotypingRunner.swift 970
Sources/LungfishWorkflow/ONTGenotyping/FullLengthONTMHCCandidateArtifactWriter.swift 2727
Sources/LungfishWorkflow/ONTGenotyping/FullLengthONTMHCCandidateClassifier.swift 1036
Sources/LungfishWorkflow/ONTGenotyping/FullLengthONTMHCCandidateGenBankArtifactBuilder.swift 1502
Sources/LungfishWorkflow/ONTGenotyping/FullLengthONTMHCCohortAlignmentBuilder.swift 890
Sources/LungfishWorkflow/ONTGenotyping/FullLengthONTMHCGenotypingPipeline+Provenance.swift 896
Sources/LungfishWorkflow/ONTGenotyping/FullLengthONTMHCGenotypingPipeline.swift 1478
Sources/LungfishWorkflow/ONTGenotyping/FullLengthONTMHCWorkbookProjection.swift 839
Sources/LungfishWorkflow/ONTGenotyping/GenotypeReviewableRowCatalogPublisher.swift 1419
Sources/LungfishWorkflow/ONTGenotyping/HaplotypeDefinitionCommandService.swift 1110
Sources/LungfishWorkflow/ONTGenotyping/ONTBarcodeDemuxGenotypingPipeline.swift 5070
Sources/LungfishWorkflow/ONTGenotyping/ONTPacBioBarcodeDemuxMaterializer.swift 1147
Sources/LungfishWorkflow/PrimerDesign/PrimalScheme3AlleleContract.swift 1231
Sources/LungfishWorkflow/PrimerDesign/PrimalScheme3CoverageContract.swift 930
Sources/LungfishWorkflow/PrimerDesign/PrimalScheme3DesignPipeline.swift 1055
Sources/LungfishWorkflow/Provenance/GUIImportedProvenanceRehydrator.swift 1032
Sources/LungfishWorkflow/Provenance/ProvenanceExporter.swift 1709
Sources/LungfishWorkflow/Provenance/ProvenancePublicationSnapshot.swift 861
Sources/LungfishWorkflow/Provenance/ProvenanceWriter.swift 1740
Sources/LungfishWorkflow/Recipes/RecipeEngine.swift 824
Sources/LungfishWorkflow/SequenceAnnotation/SequenceAnnotationTrackWorkflow.swift 1311
Sources/LungfishWorkflow/Storage/ProjectStorageCleanupExecutor.swift 2485
Sources/LungfishWorkflow/Storage/ProjectStorageCleanupReceiptWriter.swift 1680
Sources/LungfishWorkflow/Storage/ProjectStorageScanner.swift 1567
Sources/LungfishWorkflow/TaxTriage/TaxTriagePipeline.swift 1879
Sources/LungfishWorkflow/TwelveS/TwelveSAmpliconMatchingWorkflow.swift 1015
Sources/LungfishWorkflow/Variants/ViralVariantCallingPipeline.swift 1716
